// Jest Snapshot v1, https://goo.gl/fbAQLP

exports[`<Input> should match the snapshot 1`] = `
<div
  className="p-input"
>
  <div
    className="input-container"
  >
    <input
      onBlur={[Function]}
      onFocus={[Function]}
      type="text"
      value="Hello input!"
    />
  </div>
  <div
    className="hint-or-error"
  />
</div>
`;
